<?xml version="1.0" encoding="ISO-8859-1" ?>
<link_info>
   <banner>TMS320C2000 Linker PC v22.6.1.LTS</banner>
   <copyright>Copyright (c) 1996-2018 Texas Instruments Incorporated</copyright>
   <link_time>0x678fcf24</link_time>
   <link_errors>0x0</link_errors>
   <output_file>led_ex1_blinky.out</output_file>
   <entry_point>
      <name>code_start</name>
      <address>0x0</address>
   </entry_point>
   <input_file_list>
      <input_file id="fl-2">
         <path>.\syscfg\</path>
         <kind>object</kind>
         <file>board.obj</file>
         <name>board.obj</name>
      </input_file>
      <input_file id="fl-3">
         <path>.\syscfg\</path>
         <kind>object</kind>
         <file>c2000ware_libraries.obj</file>
         <name>c2000ware_libraries.obj</name>
      </input_file>
      <input_file id="fl-4">
         <path>.\</path>
         <kind>object</kind>
         <file>led_ex1_blinky.obj</file>
         <name>led_ex1_blinky.obj</name>
      </input_file>
      <input_file id="fl-5">
         <path>.\device\</path>
         <kind>object</kind>
         <file>device.obj</file>
         <name>device.obj</name>
      </input_file>
      <input_file id="fl-6">
         <path>.\device\</path>
         <kind>object</kind>
         <file>f28004x_codestartbranch.obj</file>
         <name>f28004x_codestartbranch.obj</name>
      </input_file>
      <input_file id="fl-c">
         <kind>object</kind>
         <file>&lt;internal&gt;</file>
         <name>&lt;internal&gt;</name>
      </input_file>
      <input_file id="fl-10">
         <path>C:\opt\ti\c2000\C2000Ware_4_03_00_00\driverlib\f28004x\driverlib\ccs\Debug\</path>
         <kind>archive</kind>
         <file>driverlib_eabi.lib</file>
         <name>dcc.obj</name>
      </input_file>
      <input_file id="fl-11">
         <path>C:\opt\ti\c2000\C2000Ware_4_03_00_00\driverlib\f28004x\driverlib\ccs\Debug\</path>
         <kind>archive</kind>
         <file>driverlib_eabi.lib</file>
         <name>gpio.obj</name>
      </input_file>
      <input_file id="fl-12">
         <path>C:\opt\ti\c2000\C2000Ware_4_03_00_00\driverlib\f28004x\driverlib\ccs\Debug\</path>
         <kind>archive</kind>
         <file>driverlib_eabi.lib</file>
         <name>interrupt.obj</name>
      </input_file>
      <input_file id="fl-13">
         <path>C:\opt\ti\c2000\C2000Ware_4_03_00_00\driverlib\f28004x\driverlib\ccs\Debug\</path>
         <kind>archive</kind>
         <file>driverlib_eabi.lib</file>
         <name>sysctl.obj</name>
      </input_file>
      <input_file id="fl-1f">
         <path>C:\opt\ti\ccs1281\ccs\tools\compiler\ti-cgt-c2000_22.6.1.LTS\lib\</path>
         <kind>archive</kind>
         <file>rts2800_fpu32_eabi.lib</file>
         <name>boot28.asm.obj</name>
      </input_file>
      <input_file id="fl-20">
         <path>C:\opt\ti\ccs1281\ccs\tools\compiler\ti-cgt-c2000_22.6.1.LTS\lib\</path>
         <kind>archive</kind>
         <file>rts2800_fpu32_eabi.lib</file>
         <name>fs_div28.asm.obj</name>
      </input_file>
      <input_file id="fl-21">
         <path>C:\opt\ti\ccs1281\ccs\tools\compiler\ti-cgt-c2000_22.6.1.LTS\lib\</path>
         <kind>archive</kind>
         <file>rts2800_fpu32_eabi.lib</file>
         <name>pre_init.c.obj</name>
      </input_file>
      <input_file id="fl-22">
         <path>C:\opt\ti\ccs1281\ccs\tools\compiler\ti-cgt-c2000_22.6.1.LTS\lib\</path>
         <kind>archive</kind>
         <file>rts2800_fpu32_eabi.lib</file>
         <name>autoinit.c.obj</name>
      </input_file>
      <input_file id="fl-23">
         <path>C:\opt\ti\ccs1281\ccs\tools\compiler\ti-cgt-c2000_22.6.1.LTS\lib\</path>
         <kind>archive</kind>
         <file>rts2800_fpu32_eabi.lib</file>
         <name>copy_zero_init.c.obj</name>
      </input_file>
      <input_file id="fl-24">
         <path>C:\opt\ti\ccs1281\ccs\tools\compiler\ti-cgt-c2000_22.6.1.LTS\lib\</path>
         <kind>archive</kind>
         <file>rts2800_fpu32_eabi.lib</file>
         <name>copy_decompress_none.c.obj</name>
      </input_file>
      <input_file id="fl-25">
         <path>C:\opt\ti\ccs1281\ccs\tools\compiler\ti-cgt-c2000_22.6.1.LTS\lib\</path>
         <kind>archive</kind>
         <file>rts2800_fpu32_eabi.lib</file>
         <name>copy_decompress_lzss.c.obj</name>
      </input_file>
      <input_file id="fl-26">
         <path>C:\opt\ti\ccs1281\ccs\tools\compiler\ti-cgt-c2000_22.6.1.LTS\lib\</path>
         <kind>archive</kind>
         <file>rts2800_fpu32_eabi.lib</file>
         <name>exit.c.obj</name>
      </input_file>
      <input_file id="fl-27">
         <path>C:\opt\ti\ccs1281\ccs\tools\compiler\ti-cgt-c2000_22.6.1.LTS\lib\</path>
         <kind>archive</kind>
         <file>rts2800_fpu32_eabi.lib</file>
         <name>_lock.c.obj</name>
      </input_file>
      <input_file id="fl-28">
         <path>C:\opt\ti\ccs1281\ccs\tools\compiler\ti-cgt-c2000_22.6.1.LTS\lib\</path>
         <kind>archive</kind>
         <file>rts2800_fpu32_eabi.lib</file>
         <name>args_main.c.obj</name>
      </input_file>
      <input_file id="fl-29">
         <path>C:\opt\ti\ccs1281\ccs\tools\compiler\ti-cgt-c2000_22.6.1.LTS\lib\</path>
         <kind>archive</kind>
         <file>rts2800_fpu32_eabi.lib</file>
         <name>memset.c.obj</name>
      </input_file>
      <input_file id="fl-2a">
         <path>C:\opt\ti\ccs1281\ccs\tools\compiler\ti-cgt-c2000_22.6.1.LTS\lib\</path>
         <kind>archive</kind>
         <file>rts2800_fpu32_eabi.lib</file>
         <name>cpy_tbl.c.obj</name>
      </input_file>
      <input_file id="fl-2b">
         <path>C:\opt\ti\ccs1281\ccs\tools\compiler\ti-cgt-c2000_22.6.1.LTS\lib\</path>
         <kind>archive</kind>
         <file>rts2800_fpu32_eabi.lib</file>
         <name>memcpy.c.obj</name>
      </input_file>
      <input_file id="fl-2c">
         <path>C:\opt\ti\ccs1281\ccs\tools\compiler\ti-cgt-c2000_22.6.1.LTS\lib\</path>
         <kind>archive</kind>
         <file>rts2800_fpu32_eabi.lib</file>
         <name>startup.c.obj</name>
      </input_file>
   </input_file_list>
   <object_component_list>
      <object_component id="oc-20">
         <name>codestart</name>
         <load_address>0x0</load_address>
         <run_address>0x0</run_address>
         <size>0x2</size>
         <input_file_ref idref="fl-6"/>
      </object_component>
      <object_component id="oc-fc">
         <name>.TI.ramfunc</name>
         <load_address>0xf6</load_address>
         <run_address>0xf6</run_address>
         <size>0x4</size>
         <input_file_ref idref="fl-13"/>
      </object_component>
      <object_component id="oc-142">
         <name>.text:Device_enableAllPeripherals</name>
         <load_address>0x8000</load_address>
         <run_address>0x8000</run_address>
         <size>0xe0</size>
         <input_file_ref idref="fl-5"/>
      </object_component>
      <object_component id="oc-11d">
         <name>.text:SysCtl_setClock</name>
         <load_address>0x80e0</load_address>
         <run_address>0x80e0</run_address>
         <size>0xc5</size>
         <input_file_ref idref="fl-13"/>
      </object_component>
      <object_component id="oc-1a8">
         <name>.text:SysCtl_isPLLValid</name>
         <load_address>0x81a5</load_address>
         <run_address>0x81a5</run_address>
         <size>0xbd</size>
         <input_file_ref idref="fl-13"/>
      </object_component>
      <object_component id="oc-20e">
         <name>.text:DCC_setCounterSeeds</name>
         <load_address>0x8262</load_address>
         <run_address>0x8262</run_address>
         <size>0x73</size>
         <input_file_ref idref="fl-13"/>
      </object_component>
      <object_component id="oc-129">
         <name>.text:SysCtl_getClock</name>
         <load_address>0x82d5</load_address>
         <run_address>0x82d5</run_address>
         <size>0x5e</size>
         <input_file_ref idref="fl-13"/>
      </object_component>
      <object_component id="oc-de">
         <name>.text:GPIO_setPadConfig</name>
         <load_address>0x8333</load_address>
         <run_address>0x8333</run_address>
         <size>0x52</size>
         <input_file_ref idref="fl-11"/>
      </object_component>
      <object_component id="oc-d2">
         <name>.text:Device_init</name>
         <load_address>0x8385</load_address>
         <run_address>0x8385</run_address>
         <size>0x51</size>
         <input_file_ref idref="fl-5"/>
      </object_component>
      <object_component id="oc-1a2">
         <name>.text:SysCtl_selectOscSource</name>
         <load_address>0x83d6</load_address>
         <run_address>0x83d6</run_address>
         <size>0x49</size>
         <input_file_ref idref="fl-13"/>
      </object_component>
      <object_component id="oc-ea">
         <name>.text:Interrupt_initModule</name>
         <load_address>0x841f</load_address>
         <run_address>0x841f</run_address>
         <size>0x3d</size>
         <input_file_ref idref="fl-12"/>
      </object_component>
      <object_component id="oc-14e">
         <name>.text:GPIO_setAnalogMode</name>
         <load_address>0x845c</load_address>
         <run_address>0x845c</run_address>
         <size>0x3a</size>
         <input_file_ref idref="fl-11"/>
      </object_component>
      <object_component id="oc-e4">
         <name>.text:GPIO_setDirectionMode</name>
         <load_address>0x8496</load_address>
         <run_address>0x8496</run_address>
         <size>0x31</size>
         <input_file_ref idref="fl-11"/>
      </object_component>
      <object_component id="oc-13">
         <name>.text:decompress:lzss</name>
         <load_address>0x84c7</load_address>
         <run_address>0x84c7</run_address>
         <size>0x30</size>
         <input_file_ref idref="fl-25"/>
      </object_component>
      <object_component id="oc-7a">
         <name>.text:__TI_auto_init_nobinit_nopinit</name>
         <load_address>0x84f7</load_address>
         <run_address>0x84f7</run_address>
         <size>0x2b</size>
         <input_file_ref idref="fl-22"/>
      </object_component>
      <object_component id="oc-aa">
         <name>.text:main</name>
         <load_address>0x8522</load_address>
         <run_address>0x8522</run_address>
         <size>0x2a</size>
         <input_file_ref idref="fl-4"/>
      </object_component>
      <object_component id="oc-6e">
         <name>.text</name>
         <load_address>0x854c</load_address>
         <run_address>0x854c</run_address>
         <size>0x29</size>
         <input_file_ref idref="fl-26"/>
      </object_component>
      <object_component id="oc-f6">
         <name>.text:GPIO_writePin</name>
         <load_address>0x8575</load_address>
         <run_address>0x8575</run_address>
         <size>0x27</size>
         <input_file_ref idref="fl-4"/>
      </object_component>
      <object_component id="oc-214">
         <name>.text:DCC_enableSingleShotMode</name>
         <load_address>0x859c</load_address>
         <run_address>0x859c</run_address>
         <size>0x24</size>
         <input_file_ref idref="fl-13"/>
      </object_component>
      <object_component id="oc-1d1">
         <name>.text:SysCtl_selectXTAL</name>
         <load_address>0x85c0</load_address>
         <run_address>0x85c0</run_address>
         <size>0x24</size>
         <input_file_ref idref="fl-13"/>
      </object_component>
      <object_component id="oc-231">
         <name>.text:SysCtl_pollX1Counter</name>
         <load_address>0x85e4</load_address>
         <run_address>0x85e4</run_address>
         <size>0x23</size>
         <input_file_ref idref="fl-13"/>
      </object_component>
      <object_component id="oc-208">
         <name>.text:DCC_setCounter1ClkSource</name>
         <load_address>0x8607</load_address>
         <run_address>0x8607</run_address>
         <size>0x1e</size>
         <input_file_ref idref="fl-13"/>
      </object_component>
      <object_component id="oc-f0">
         <name>.text:Interrupt_initVectorTable</name>
         <load_address>0x8625</load_address>
         <run_address>0x8625</run_address>
         <size>0x1e</size>
         <input_file_ref idref="fl-12"/>
      </object_component>
      <object_component id="oc-28">
         <name>.text</name>
         <load_address>0x8643</load_address>
         <run_address>0x8643</run_address>
         <size>0x1d</size>
         <input_file_ref idref="fl-2b"/>
      </object_component>
      <object_component id="oc-202">
         <name>.text:DCC_setCounter0ClkSource</name>
         <load_address>0x8660</load_address>
         <run_address>0x8660</run_address>
         <size>0x1c</size>
         <input_file_ref idref="fl-13"/>
      </object_component>
      <object_component id="oc-136">
         <name>.text:SysCtl_getLowSpeedClock</name>
         <load_address>0x867c</load_address>
         <run_address>0x867c</run_address>
         <size>0x1a</size>
         <input_file_ref idref="fl-13"/>
      </object_component>
      <object_component id="oc-1d7">
         <name>.text:SysCtl_selectXTALSingleEnded</name>
         <load_address>0x8696</load_address>
         <run_address>0x8696</run_address>
         <size>0x1a</size>
         <input_file_ref idref="fl-13"/>
      </object_component>
      <object_component id="oc-1b5">
         <name>.text:SysCtl_enablePeripheral</name>
         <load_address>0x86b0</load_address>
         <run_address>0x86b0</run_address>
         <size>0x17</size>
         <input_file_ref idref="fl-5"/>
      </object_component>
      <object_component id="oc-1de">
         <name>.text:SysCtl_enablePeripheral</name>
         <load_address>0x86c7</load_address>
         <run_address>0x86c7</run_address>
         <size>0x17</size>
         <input_file_ref idref="fl-13"/>
      </object_component>
      <object_component id="oc-53">
         <name>.text</name>
         <load_address>0x86de</load_address>
         <run_address>0x86de</run_address>
         <size>0x17</size>
         <input_file_ref idref="fl-1f"/>
      </object_component>
      <object_component id="oc-1fc">
         <name>.text:DCC_disableDoneSignal</name>
         <load_address>0x86f5</load_address>
         <run_address>0x86f5</run_address>
         <size>0x16</size>
         <input_file_ref idref="fl-13"/>
      </object_component>
      <object_component id="oc-220">
         <name>.text:DCC_enableDoneSignal</name>
         <load_address>0x870b</load_address>
         <run_address>0x870b</run_address>
         <size>0x16</size>
         <input_file_ref idref="fl-13"/>
      </object_component>
      <object_component id="oc-1ea">
         <name>.text:DCC_clearDoneFlag</name>
         <load_address>0x8721</load_address>
         <run_address>0x8721</run_address>
         <size>0x15</size>
         <input_file_ref idref="fl-13"/>
      </object_component>
      <object_component id="oc-1e4">
         <name>.text:DCC_clearErrorFlag</name>
         <load_address>0x8736</load_address>
         <run_address>0x8736</run_address>
         <size>0x15</size>
         <input_file_ref idref="fl-13"/>
      </object_component>
      <object_component id="oc-1f6">
         <name>.text:DCC_disableErrorSignal</name>
         <load_address>0x874b</load_address>
         <run_address>0x874b</run_address>
         <size>0x15</size>
         <input_file_ref idref="fl-13"/>
      </object_component>
      <object_component id="oc-21a">
         <name>.text:DCC_enableErrorSignal</name>
         <load_address>0x8760</load_address>
         <run_address>0x8760</run_address>
         <size>0x15</size>
         <input_file_ref idref="fl-13"/>
      </object_component>
      <object_component id="oc-156">
         <name>.text:GPIO_unlockPortConfig</name>
         <load_address>0x8775</load_address>
         <run_address>0x8775</run_address>
         <size>0x15</size>
         <input_file_ref idref="fl-5"/>
      </object_component>
      <object_component id="oc-1f0">
         <name>.text:DCC_disableModule</name>
         <load_address>0x878a</load_address>
         <run_address>0x878a</run_address>
         <size>0x14</size>
         <input_file_ref idref="fl-13"/>
      </object_component>
      <object_component id="oc-226">
         <name>.text:DCC_enableModule</name>
         <load_address>0x879e</load_address>
         <run_address>0x879e</run_address>
         <size>0x14</size>
         <input_file_ref idref="fl-13"/>
      </object_component>
      <object_component id="oc-15d">
         <name>.text:GPIO_isPinValid</name>
         <load_address>0x87b2</load_address>
         <run_address>0x87b2</run_address>
         <size>0x14</size>
         <input_file_ref idref="fl-11"/>
      </object_component>
      <object_component id="oc-182">
         <name>.text:GPIO_isPinValid</name>
         <load_address>0x87c6</load_address>
         <run_address>0x87c6</run_address>
         <size>0x14</size>
         <input_file_ref idref="fl-4"/>
      </object_component>
      <object_component id="oc-13c">
         <name>.text:SysCtl_deviceCal</name>
         <load_address>0x87da</load_address>
         <run_address>0x87da</run_address>
         <size>0x14</size>
         <input_file_ref idref="fl-5"/>
      </object_component>
      <object_component id="oc-240">
         <name>.text:DCC_isBaseValid</name>
         <load_address>0x87ee</load_address>
         <run_address>0x87ee</run_address>
         <size>0x10</size>
         <input_file_ref idref="fl-13"/>
      </object_component>
      <object_component id="oc-17b">
         <name>.text:Interrupt_illegalOperationHandler</name>
         <load_address>0x87fe</load_address>
         <run_address>0x87fe</run_address>
         <size>0x2</size>
         <input_file_ref idref="fl-12"/>
      </object_component>
      <object_component id="oc-d8">
         <name>.text:Device_initGPIO</name>
         <load_address>0x8800</load_address>
         <run_address>0x8800</run_address>
         <size>0x10</size>
         <input_file_ref idref="fl-5"/>
      </object_component>
      <object_component id="oc-148">
         <name>.text:ASysCtl_disableDCDC</name>
         <load_address>0x8810</load_address>
         <run_address>0x8810</run_address>
         <size>0xf</size>
         <input_file_ref idref="fl-5"/>
      </object_component>
      <object_component id="oc-16f">
         <name>.text:Interrupt_defaultHandler</name>
         <load_address>0x881f</load_address>
         <run_address>0x881f</run_address>
         <size>0xe</size>
         <input_file_ref idref="fl-12"/>
      </object_component>
      <object_component id="oc-167">
         <name>.text:Interrupt_disableGlobal</name>
         <load_address>0x882d</load_address>
         <run_address>0x882d</run_address>
         <size>0xd</size>
         <input_file_ref idref="fl-12"/>
      </object_component>
      <object_component id="oc-123">
         <name>.text:SysCtl_setLowSpeedClock</name>
         <load_address>0x883a</load_address>
         <run_address>0x883a</run_address>
         <size>0xd</size>
         <input_file_ref idref="fl-5"/>
      </object_component>
      <object_component id="oc-68">
         <name>.text</name>
         <load_address>0x8847</load_address>
         <run_address>0x8847</run_address>
         <size>0xc</size>
         <input_file_ref idref="fl-28"/>
      </object_component>
      <object_component id="oc-19c">
         <name>.text:SysCtl_isMCDClockFailureDetected</name>
         <load_address>0x8853</load_address>
         <run_address>0x8853</run_address>
         <size>0xb</size>
         <input_file_ref idref="fl-13"/>
      </object_component>
      <object_component id="oc-104">
         <name>.text</name>
         <load_address>0x885e</load_address>
         <run_address>0x885e</run_address>
         <size>0x9</size>
         <input_file_ref idref="fl-27"/>
      </object_component>
      <object_component id="oc-117">
         <name>.text:SysCtl_disableWatchdog</name>
         <load_address>0x8867</load_address>
         <run_address>0x8867</run_address>
         <size>0x8</size>
         <input_file_ref idref="fl-5"/>
      </object_component>
      <object_component id="oc-19">
         <name>.text:decompress:none</name>
         <load_address>0x886f</load_address>
         <run_address>0x886f</run_address>
         <size>0x8</size>
         <input_file_ref idref="fl-24"/>
      </object_component>
      <object_component id="oc-3c">
         <name>.text</name>
         <load_address>0x8877</load_address>
         <run_address>0x8877</run_address>
         <size>0x8</size>
         <input_file_ref idref="fl-6"/>
      </object_component>
      <object_component id="oc-237">
         <name>.text:SysCtl_resetMCD</name>
         <load_address>0x887f</load_address>
         <run_address>0x887f</run_address>
         <size>0x7</size>
         <input_file_ref idref="fl-13"/>
      </object_component>
      <object_component id="oc-130">
         <name>.text:__error__</name>
         <load_address>0x8886</load_address>
         <run_address>0x8886</run_address>
         <size>0x7</size>
         <input_file_ref idref="fl-5"/>
      </object_component>
      <object_component id="oc-175">
         <name>.text:Interrupt_nmiHandler</name>
         <load_address>0x888d</load_address>
         <run_address>0x888d</run_address>
         <size>0x2</size>
         <input_file_ref idref="fl-12"/>
      </object_component>
      <object_component id="oc-61">
         <name>.text</name>
         <load_address>0x888f</load_address>
         <run_address>0x888f</run_address>
         <size>0x2</size>
         <input_file_ref idref="fl-21"/>
      </object_component>
      <object_component id="oc-bd">
         <name>.text</name>
         <load_address>0x8891</load_address>
         <run_address>0x8891</run_address>
         <size>0x1</size>
         <input_file_ref idref="fl-2c"/>
      </object_component>
      <object_component id="oc-27d">
         <name>.cinit..data.load</name>
         <load_address>0xfa</load_address>
         <run_address>0xfa</run_address>
         <size>0x8</size>
      </object_component>
      <object_component id="oc-27b">
         <name>__TI_handler_table</name>
         <load_address>0x102</load_address>
         <run_address>0x102</run_address>
         <size>0x4</size>
      </object_component>
      <object_component id="oc-27c">
         <name>__TI_cinit_table</name>
         <load_address>0x106</load_address>
         <run_address>0x106</run_address>
         <size>0x4</size>
      </object_component>
      <object_component id="oc-25">
         <name>.stack</name>
         <uninitialized>true</uninitialized>
         <run_address>0x400</run_address>
         <size>0x0</size>
         <input_file_ref idref="fl-1f"/>
      </object_component>
      <object_component id="oc-27e">
         <name>.stack</name>
         <uninitialized>true</uninitialized>
         <run_address>0x400</run_address>
         <size>0x0</size>
      </object_component>
      <object_component id="oc-19b">
         <name>.const:.string</name>
         <load_address>0xa800</load_address>
         <run_address>0xa800</run_address>
         <size>0x9a</size>
         <input_file_ref idref="fl-13"/>
      </object_component>
      <object_component id="oc-163">
         <name>.const:.string</name>
         <load_address>0xa89a</load_address>
         <run_address>0xa89a</run_address>
         <size>0x98</size>
         <input_file_ref idref="fl-11"/>
      </object_component>
      <object_component id="oc-12f">
         <name>.const:.string</name>
         <load_address>0xa932</load_address>
         <run_address>0xa932</run_address>
         <size>0x5d</size>
         <input_file_ref idref="fl-5"/>
      </object_component>
      <object_component id="oc-188">
         <name>.const:.string</name>
         <load_address>0xa990</load_address>
         <run_address>0xa990</run_address>
         <size>0x48</size>
         <input_file_ref idref="fl-4"/>
      </object_component>
      <object_component id="oc-b2">
         <name>.data</name>
         <load_address>0xa9d8</load_address>
         <run_address>0xa9d8</run_address>
         <size>0x6</size>
         <input_file_ref idref="fl-26"/>
      </object_component>
      <object_component id="oc-b5">
         <name>.data:_lock</name>
         <load_address>0xa9de</load_address>
         <run_address>0xa9de</run_address>
         <size>0x2</size>
         <input_file_ref idref="fl-27"/>
      </object_component>
      <object_component id="oc-18d">
         <name>.data:_unlock</name>
         <load_address>0xa9e0</load_address>
         <run_address>0xa9e0</run_address>
         <size>0x2</size>
         <input_file_ref idref="fl-27"/>
      </object_component>
      <object_component id="oc-fe">
         <name>.debug_types</name>
         <load_address>0x0</load_address>
         <run_address>0x0</run_address>
         <size>0x48f</size>
         <input_file_ref idref="fl-4"/>
      </object_component>
      <object_component id="oc-155">
         <name>.debug_types</name>
         <load_address>0x48f</load_address>
         <run_address>0x48f</run_address>
         <size>0xc52</size>
         <input_file_ref idref="fl-5"/>
      </object_component>
      <object_component id="oc-165">
         <name>.debug_types</name>
         <load_address>0x10e1</load_address>
         <run_address>0x10e1</run_address>
         <size>0x3a8</size>
         <input_file_ref idref="fl-11"/>
      </object_component>
      <object_component id="oc-16e">
         <name>.debug_types</name>
         <load_address>0x0</load_address>
         <run_address>0x0</run_address>
         <size>0x0</size>
         <input_file_ref idref="fl-12"/>
      </object_component>
      <object_component id="oc-1af">
         <name>.debug_types</name>
         <load_address>0x1489</load_address>
         <run_address>0x1489</run_address>
         <size>0x1d4</size>
         <input_file_ref idref="fl-13"/>
      </object_component>
      <object_component id="oc-79">
         <name>.debug_types</name>
         <load_address>0x0</load_address>
         <run_address>0x0</run_address>
         <size>0x0</size>
         <input_file_ref idref="fl-21"/>
      </object_component>
      <object_component id="oc-c4">
         <name>.debug_types</name>
         <load_address>0x165d</load_address>
         <run_address>0x165d</run_address>
         <size>0x4e8</size>
         <input_file_ref idref="fl-22"/>
      </object_component>
      <object_component id="oc-2f">
         <name>.debug_types</name>
         <load_address>0x1b45</load_address>
         <run_address>0x1b45</run_address>
         <size>0x1c8</size>
         <input_file_ref idref="fl-24"/>
      </object_component>
      <object_component id="oc-27">
         <name>.debug_types</name>
         <load_address>0x1d0d</load_address>
         <run_address>0x1d0d</run_address>
         <size>0x191</size>
         <input_file_ref idref="fl-25"/>
      </object_component>
      <object_component id="oc-b9">
         <name>.debug_types</name>
         <load_address>0x1e9e</load_address>
         <run_address>0x1e9e</run_address>
         <size>0xbf</size>
         <input_file_ref idref="fl-26"/>
      </object_component>
      <object_component id="oc-10c">
         <name>.debug_types</name>
         <load_address>0x1f5d</load_address>
         <run_address>0x1f5d</run_address>
         <size>0x2f</size>
         <input_file_ref idref="fl-27"/>
      </object_component>
      <object_component id="oc-b1">
         <name>.debug_types</name>
         <load_address>0x1f8c</load_address>
         <run_address>0x1f8c</run_address>
         <size>0xe1</size>
         <input_file_ref idref="fl-28"/>
      </object_component>
      <object_component id="oc-46">
         <name>.debug_types</name>
         <load_address>0x206d</load_address>
         <run_address>0x206d</run_address>
         <size>0xe3</size>
         <input_file_ref idref="fl-2b"/>
      </object_component>
      <object_component id="oc-111">
         <name>.debug_types</name>
         <load_address>0x0</load_address>
         <run_address>0x0</run_address>
         <size>0x0</size>
         <input_file_ref idref="fl-2c"/>
      </object_component>
      <object_component id="oc-186">
         <name>.debug_info</name>
         <load_address>0x0</load_address>
         <run_address>0x0</run_address>
         <size>0x17f</size>
         <input_file_ref idref="fl-4"/>
      </object_component>
      <object_component id="oc-fa">
         <name>.debug_info</name>
         <load_address>0x17f</load_address>
         <run_address>0x17f</run_address>
         <size>0x1d8</size>
         <input_file_ref idref="fl-4"/>
      </object_component>
      <object_component id="oc-ad">
         <name>.debug_info</name>
         <load_address>0x357</load_address>
         <run_address>0x357</run_address>
         <size>0x1e4</size>
         <input_file_ref idref="fl-4"/>
      </object_component>
      <object_component id="oc-13e">
         <name>.debug_info</name>
         <load_address>0x53b</load_address>
         <run_address>0x53b</run_address>
         <size>0x162</size>
         <input_file_ref idref="fl-5"/>
      </object_component>
      <object_component id="oc-1b7">
         <name>.debug_info</name>
         <load_address>0x69d</load_address>
         <run_address>0x69d</run_address>
         <size>0x1c2</size>
         <input_file_ref idref="fl-5"/>
      </object_component>
      <object_component id="oc-125">
         <name>.debug_info</name>
         <load_address>0x85f</load_address>
         <run_address>0x85f</run_address>
         <size>0x196</size>
         <input_file_ref idref="fl-5"/>
      </object_component>
      <object_component id="oc-118">
         <name>.debug_info</name>
         <load_address>0x9f5</load_address>
         <run_address>0x9f5</run_address>
         <size>0x169</size>
         <input_file_ref idref="fl-5"/>
      </object_component>
      <object_component id="oc-149">
         <name>.debug_info</name>
         <load_address>0xb5e</load_address>
         <run_address>0xb5e</run_address>
         <size>0x176</size>
         <input_file_ref idref="fl-5"/>
      </object_component>
      <object_component id="oc-157">
         <name>.debug_info</name>
         <load_address>0xcd4</load_address>
         <run_address>0xcd4</run_address>
         <size>0x1c5</size>
         <input_file_ref idref="fl-5"/>
      </object_component>
      <object_component id="oc-d3">
         <name>.debug_info</name>
         <load_address>0xe99</load_address>
         <run_address>0xe99</run_address>
         <size>0x29c</size>
         <input_file_ref idref="fl-5"/>
      </object_component>
      <object_component id="oc-143">
         <name>.debug_info</name>
         <load_address>0x1135</load_address>
         <run_address>0x1135</run_address>
         <size>0x806</size>
         <input_file_ref idref="fl-5"/>
      </object_component>
      <object_component id="oc-d9">
         <name>.debug_info</name>
         <load_address>0x193b</load_address>
         <run_address>0x193b</run_address>
         <size>0x174</size>
         <input_file_ref idref="fl-5"/>
      </object_component>
      <object_component id="oc-131">
         <name>.debug_info</name>
         <load_address>0x1aaf</load_address>
         <run_address>0x1aaf</run_address>
         <size>0x162</size>
         <input_file_ref idref="fl-5"/>
      </object_component>
      <object_component id="oc-21">
         <name>.debug_info</name>
         <load_address>0x1c11</load_address>
         <run_address>0x1c11</run_address>
         <size>0x115</size>
         <input_file_ref idref="fl-6"/>
      </object_component>
      <object_component id="oc-3d">
         <name>.debug_info</name>
         <load_address>0x1d26</load_address>
         <run_address>0x1d26</run_address>
         <size>0x116</size>
         <input_file_ref idref="fl-6"/>
      </object_component>
      <object_component id="oc-160">
         <name>.debug_info</name>
         <load_address>0x1e3c</load_address>
         <run_address>0x1e3c</run_address>
         <size>0x1cf</size>
         <input_file_ref idref="fl-11"/>
      </object_component>
      <object_component id="oc-e7">
         <name>.debug_info</name>
         <load_address>0x200b</load_address>
         <run_address>0x200b</run_address>
         <size>0x247</size>
         <input_file_ref idref="fl-11"/>
      </object_component>
      <object_component id="oc-df">
         <name>.debug_info</name>
         <load_address>0x2252</load_address>
         <run_address>0x2252</run_address>
         <size>0x230</size>
         <input_file_ref idref="fl-11"/>
      </object_component>
      <object_component id="oc-151">
         <name>.debug_info</name>
         <load_address>0x2482</load_address>
         <run_address>0x2482</run_address>
         <size>0x22c</size>
         <input_file_ref idref="fl-11"/>
      </object_component>
      <object_component id="oc-16a">
         <name>.debug_info</name>
         <load_address>0x26ae</load_address>
         <run_address>0x26ae</run_address>
         <size>0x1cc</size>
         <input_file_ref idref="fl-12"/>
      </object_component>
      <object_component id="oc-172">
         <name>.debug_info</name>
         <load_address>0x287a</load_address>
         <run_address>0x287a</run_address>
         <size>0x1e6</size>
         <input_file_ref idref="fl-12"/>
      </object_component>
      <object_component id="oc-17c">
         <name>.debug_info</name>
         <load_address>0x2a60</load_address>
         <run_address>0x2a60</run_address>
         <size>0x1cc</size>
         <input_file_ref idref="fl-12"/>
      </object_component>
      <object_component id="oc-177">
         <name>.debug_info</name>
         <load_address>0x2c2c</load_address>
         <run_address>0x2c2c</run_address>
         <size>0x1b2</size>
         <input_file_ref idref="fl-12"/>
      </object_component>
      <object_component id="oc-eb">
         <name>.debug_info</name>
         <load_address>0x2dde</load_address>
         <run_address>0x2dde</run_address>
         <size>0x1d9</size>
         <input_file_ref idref="fl-12"/>
      </object_component>
      <object_component id="oc-f3">
         <name>.debug_info</name>
         <load_address>0x2fb7</load_address>
         <run_address>0x2fb7</run_address>
         <size>0x1d4</size>
         <input_file_ref idref="fl-12"/>
      </object_component>
      <object_component id="oc-1df">
         <name>.debug_info</name>
         <load_address>0x318b</load_address>
         <run_address>0x318b</run_address>
         <size>0x215</size>
         <input_file_ref idref="fl-13"/>
      </object_component>
      <object_component id="oc-19d">
         <name>.debug_info</name>
         <load_address>0x33a0</load_address>
         <run_address>0x33a0</run_address>
         <size>0x1d8</size>
         <input_file_ref idref="fl-13"/>
      </object_component>
      <object_component id="oc-238">
         <name>.debug_info</name>
         <load_address>0x3578</load_address>
         <run_address>0x3578</run_address>
         <size>0x1ae</size>
         <input_file_ref idref="fl-13"/>
      </object_component>
      <object_component id="oc-241">
         <name>.debug_info</name>
         <load_address>0x3726</load_address>
         <run_address>0x3726</run_address>
         <size>0x1d2</size>
         <input_file_ref idref="fl-13"/>
      </object_component>
      <object_component id="oc-227">
         <name>.debug_info</name>
         <load_address>0x38f8</load_address>
         <run_address>0x38f8</run_address>
         <size>0x1f0</size>
         <input_file_ref idref="fl-13"/>
      </object_component>
      <object_component id="oc-1f1">
         <name>.debug_info</name>
         <load_address>0x3ae8</load_address>
         <run_address>0x3ae8</run_address>
         <size>0x1f2</size>
         <input_file_ref idref="fl-13"/>
      </object_component>
      <object_component id="oc-21b">
         <name>.debug_info</name>
         <load_address>0x3cda</load_address>
         <run_address>0x3cda</run_address>
         <size>0x1fc</size>
         <input_file_ref idref="fl-13"/>
      </object_component>
      <object_component id="oc-221">
         <name>.debug_info</name>
         <load_address>0x3ed6</load_address>
         <run_address>0x3ed6</run_address>
         <size>0x1fa</size>
         <input_file_ref idref="fl-13"/>
      </object_component>
      <object_component id="oc-1f7">
         <name>.debug_info</name>
         <load_address>0x40d0</load_address>
         <run_address>0x40d0</run_address>
         <size>0x1fe</size>
         <input_file_ref idref="fl-13"/>
      </object_component>
      <object_component id="oc-1fd">
         <name>.debug_info</name>
         <load_address>0x42ce</load_address>
         <run_address>0x42ce</run_address>
         <size>0x1fc</size>
         <input_file_ref idref="fl-13"/>
      </object_component>
      <object_component id="oc-215">
         <name>.debug_info</name>
         <load_address>0x44ca</load_address>
         <run_address>0x44ca</run_address>
         <size>0x223</size>
         <input_file_ref idref="fl-13"/>
      </object_component>
      <object_component id="oc-1e5">
         <name>.debug_info</name>
         <load_address>0x46ed</load_address>
         <run_address>0x46ed</run_address>
         <size>0x1f6</size>
         <input_file_ref idref="fl-13"/>
      </object_component>
      <object_component id="oc-1eb">
         <name>.debug_info</name>
         <load_address>0x48e3</load_address>
         <run_address>0x48e3</run_address>
         <size>0x1f4</size>
         <input_file_ref idref="fl-13"/>
      </object_component>
      <object_component id="oc-209">
         <name>.debug_info</name>
         <load_address>0x4ad7</load_address>
         <run_address>0x4ad7</run_address>
         <size>0x227</size>
         <input_file_ref idref="fl-13"/>
      </object_component>
      <object_component id="oc-203">
         <name>.debug_info</name>
         <load_address>0x4cfe</load_address>
         <run_address>0x4cfe</run_address>
         <size>0x227</size>
         <input_file_ref idref="fl-13"/>
      </object_component>
      <object_component id="oc-20f">
         <name>.debug_info</name>
         <load_address>0x4f25</load_address>
         <run_address>0x4f25</run_address>
         <size>0x296</size>
         <input_file_ref idref="fl-13"/>
      </object_component>
      <object_component id="oc-232">
         <name>.debug_info</name>
         <load_address>0x51bb</load_address>
         <run_address>0x51bb</run_address>
         <size>0x1de</size>
         <input_file_ref idref="fl-13"/>
      </object_component>
      <object_component id="oc-12a">
         <name>.debug_info</name>
         <load_address>0x5399</load_address>
         <run_address>0x5399</run_address>
         <size>0x241</size>
         <input_file_ref idref="fl-13"/>
      </object_component>
      <object_component id="oc-11e">
         <name>.debug_info</name>
         <load_address>0x55da</load_address>
         <run_address>0x55da</run_address>
         <size>0x31b</size>
         <input_file_ref idref="fl-13"/>
      </object_component>
      <object_component id="oc-1d2">
         <name>.debug_info</name>
         <load_address>0x58f5</load_address>
         <run_address>0x58f5</run_address>
         <size>0x221</size>
         <input_file_ref idref="fl-13"/>
      </object_component>
      <object_component id="oc-1d8">
         <name>.debug_info</name>
         <load_address>0x5b16</load_address>
         <run_address>0x5b16</run_address>
         <size>0x208</size>
         <input_file_ref idref="fl-13"/>
      </object_component>
      <object_component id="oc-1a3">
         <name>.debug_info</name>
         <load_address>0x5d1e</load_address>
         <run_address>0x5d1e</run_address>
         <size>0x22f</size>
         <input_file_ref idref="fl-13"/>
      </object_component>
      <object_component id="oc-137">
         <name>.debug_info</name>
         <load_address>0x5f4d</load_address>
         <run_address>0x5f4d</run_address>
         <size>0x21b</size>
         <input_file_ref idref="fl-13"/>
      </object_component>
      <object_component id="oc-1a9">
         <name>.debug_info</name>
         <load_address>0x6168</load_address>
         <run_address>0x6168</run_address>
         <size>0x42e</size>
         <input_file_ref idref="fl-13"/>
      </object_component>
      <object_component id="oc-54">
         <name>.debug_info</name>
         <load_address>0x6596</load_address>
         <run_address>0x6596</run_address>
         <size>0x158</size>
         <input_file_ref idref="fl-1f"/>
      </object_component>
      <object_component id="oc-65">
         <name>.debug_info</name>
         <load_address>0x66ee</load_address>
         <run_address>0x66ee</run_address>
         <size>0x14d</size>
         <input_file_ref idref="fl-21"/>
      </object_component>
      <object_component id="oc-7b">
         <name>.debug_info</name>
         <load_address>0x683b</load_address>
         <run_address>0x683b</run_address>
         <size>0x1bf</size>
         <input_file_ref idref="fl-22"/>
      </object_component>
      <object_component id="oc-1a">
         <name>.debug_info</name>
         <load_address>0x69fa</load_address>
         <run_address>0x69fa</run_address>
         <size>0x1b7</size>
         <input_file_ref idref="fl-24"/>
      </object_component>
      <object_component id="oc-14">
         <name>.debug_info</name>
         <load_address>0x6bb1</load_address>
         <run_address>0x6bb1</run_address>
         <size>0x219</size>
         <input_file_ref idref="fl-25"/>
      </object_component>
      <object_component id="oc-b3">
         <name>.debug_info</name>
         <load_address>0x6dca</load_address>
         <run_address>0x6dca</run_address>
         <size>0x19e</size>
         <input_file_ref idref="fl-26"/>
      </object_component>
      <object_component id="oc-70">
         <name>.debug_info</name>
         <load_address>0x6f68</load_address>
         <run_address>0x6f68</run_address>
         <size>0x1a9</size>
         <input_file_ref idref="fl-26"/>
      </object_component>
      <object_component id="oc-b6">
         <name>.debug_info</name>
         <load_address>0x7111</load_address>
         <run_address>0x7111</run_address>
         <size>0x107</size>
         <input_file_ref idref="fl-27"/>
      </object_component>
      <object_component id="oc-18e">
         <name>.debug_info</name>
         <load_address>0x7218</load_address>
         <run_address>0x7218</run_address>
         <size>0x10b</size>
         <input_file_ref idref="fl-27"/>
      </object_component>
      <object_component id="oc-108">
         <name>.debug_info</name>
         <load_address>0x7323</load_address>
         <run_address>0x7323</run_address>
         <size>0x203</size>
         <input_file_ref idref="fl-27"/>
      </object_component>
      <object_component id="oc-6b">
         <name>.debug_info</name>
         <load_address>0x7526</load_address>
         <run_address>0x7526</run_address>
         <size>0x15d</size>
         <input_file_ref idref="fl-28"/>
      </object_component>
      <object_component id="oc-2c">
         <name>.debug_info</name>
         <load_address>0x7683</load_address>
         <run_address>0x7683</run_address>
         <size>0x19b</size>
         <input_file_ref idref="fl-2b"/>
      </object_component>
      <object_component id="oc-c0">
         <name>.debug_info</name>
         <load_address>0x781e</load_address>
         <run_address>0x781e</run_address>
         <size>0x147</size>
         <input_file_ref idref="fl-2c"/>
      </object_component>
      <object_component id="oc-281">
         <name>.debug_info</name>
         <load_address>0x7965</load_address>
         <run_address>0x7965</run_address>
         <size>0xb5</size>
      </object_component>
      <object_component id="oc-183">
         <name>.debug_line</name>
         <load_address>0x0</load_address>
         <run_address>0x0</run_address>
         <size>0x82</size>
         <input_file_ref idref="fl-4"/>
      </object_component>
      <object_component id="oc-f8">
         <name>.debug_line</name>
         <load_address>0x82</load_address>
         <run_address>0x82</run_address>
         <size>0x89</size>
         <input_file_ref idref="fl-4"/>
      </object_component>
      <object_component id="oc-ab">
         <name>.debug_line</name>
         <load_address>0x10b</load_address>
         <run_address>0x10b</run_address>
         <size>0x5b</size>
         <input_file_ref idref="fl-4"/>
      </object_component>
      <object_component id="oc-18b">
         <name>.debug_line</name>
         <load_address>0x166</load_address>
         <run_address>0x166</run_address>
         <size>0x104</size>
         <input_file_ref idref="fl-4"/>
      </object_component>
      <object_component id="oc-13d">
         <name>.debug_line</name>
         <load_address>0x26a</load_address>
         <run_address>0x26a</run_address>
         <size>0x86</size>
         <input_file_ref idref="fl-5"/>
      </object_component>
      <object_component id="oc-1b6">
         <name>.debug_line</name>
         <load_address>0x2f0</load_address>
         <run_address>0x2f0</run_address>
         <size>0x88</size>
         <input_file_ref idref="fl-5"/>
      </object_component>
      <object_component id="oc-124">
         <name>.debug_line</name>
         <load_address>0x378</load_address>
         <run_address>0x378</run_address>
         <size>0x86</size>
         <input_file_ref idref="fl-5"/>
      </object_component>
      <object_component id="oc-11b">
         <name>.debug_line</name>
         <load_address>0x3fe</load_address>
         <run_address>0x3fe</run_address>
         <size>0x86</size>
         <input_file_ref idref="fl-5"/>
      </object_component>
      <object_component id="oc-14c">
         <name>.debug_line</name>
         <load_address>0x484</load_address>
         <run_address>0x484</run_address>
         <size>0x8c</size>
         <input_file_ref idref="fl-5"/>
      </object_component>
      <object_component id="oc-15a">
         <name>.debug_line</name>
         <load_address>0x510</load_address>
         <run_address>0x510</run_address>
         <size>0x85</size>
         <input_file_ref idref="fl-5"/>
      </object_component>
      <object_component id="oc-d6">
         <name>.debug_line</name>
         <load_address>0x595</load_address>
         <run_address>0x595</run_address>
         <size>0x60</size>
         <input_file_ref idref="fl-5"/>
      </object_component>
      <object_component id="oc-146">
         <name>.debug_line</name>
         <load_address>0x5f5</load_address>
         <run_address>0x5f5</run_address>
         <size>0x88</size>
         <input_file_ref idref="fl-5"/>
      </object_component>
      <object_component id="oc-dc">
         <name>.debug_line</name>
         <load_address>0x67d</load_address>
         <run_address>0x67d</run_address>
         <size>0x4f</size>
         <input_file_ref idref="fl-5"/>
      </object_component>
      <object_component id="oc-134">
         <name>.debug_line</name>
         <load_address>0x6cc</load_address>
         <run_address>0x6cc</run_address>
         <size>0x4d</size>
         <input_file_ref idref="fl-5"/>
      </object_component>
      <object_component id="oc-1bf">
         <name>.debug_line</name>
         <load_address>0x719</load_address>
         <run_address>0x719</run_address>
         <size>0x6e</size>
         <input_file_ref idref="fl-5"/>
      </object_component>
      <object_component id="oc-24">
         <name>.debug_line</name>
         <load_address>0x787</load_address>
         <run_address>0x787</run_address>
         <size>0x55</size>
         <input_file_ref idref="fl-6"/>
      </object_component>
      <object_component id="oc-40">
         <name>.debug_line</name>
         <load_address>0x7dc</load_address>
         <run_address>0x7dc</run_address>
         <size>0x5d</size>
         <input_file_ref idref="fl-6"/>
      </object_component>
      <object_component id="oc-15e">
         <name>.debug_line</name>
         <load_address>0x839</load_address>
         <run_address>0x839</run_address>
         <size>0x86</size>
         <input_file_ref idref="fl-11"/>
      </object_component>
      <object_component id="oc-e5">
         <name>.debug_line</name>
         <load_address>0x8bf</load_address>
         <run_address>0x8bf</run_address>
         <size>0x90</size>
         <input_file_ref idref="fl-11"/>
      </object_component>
      <object_component id="oc-e2">
         <name>.debug_line</name>
         <load_address>0x94f</load_address>
         <run_address>0x94f</run_address>
         <size>0x9f</size>
         <input_file_ref idref="fl-11"/>
      </object_component>
      <object_component id="oc-14f">
         <name>.debug_line</name>
         <load_address>0x9ee</load_address>
         <run_address>0x9ee</run_address>
         <size>0x91</size>
         <input_file_ref idref="fl-11"/>
      </object_component>
      <object_component id="oc-1c4">
         <name>.debug_line</name>
         <load_address>0xa7f</load_address>
         <run_address>0xa7f</run_address>
         <size>0xc0</size>
         <input_file_ref idref="fl-11"/>
      </object_component>
      <object_component id="oc-168">
         <name>.debug_line</name>
         <load_address>0xb3f</load_address>
         <run_address>0xb3f</run_address>
         <size>0x8b</size>
         <input_file_ref idref="fl-12"/>
      </object_component>
      <object_component id="oc-170">
         <name>.debug_line</name>
         <load_address>0xbca</load_address>
         <run_address>0xbca</run_address>
         <size>0x91</size>
         <input_file_ref idref="fl-12"/>
      </object_component>
      <object_component id="oc-180">
         <name>.debug_line</name>
         <load_address>0xc5b</load_address>
         <run_address>0xc5b</run_address>
         <size>0x89</size>
         <input_file_ref idref="fl-12"/>
      </object_component>
      <object_component id="oc-17a">
         <name>.debug_line</name>
         <load_address>0xce4</load_address>
         <run_address>0xce4</run_address>
         <size>0x89</size>
         <input_file_ref idref="fl-12"/>
      </object_component>
      <object_component id="oc-ef">
         <name>.debug_line</name>
         <load_address>0xd6d</load_address>
         <run_address>0xd6d</run_address>
         <size>0xa6</size>
         <input_file_ref idref="fl-12"/>
      </object_component>
      <object_component id="oc-f5">
         <name>.debug_line</name>
         <load_address>0xe13</load_address>
         <run_address>0xe13</run_address>
         <size>0x9f</size>
         <input_file_ref idref="fl-12"/>
      </object_component>
      <object_component id="oc-1c8">
         <name>.debug_line</name>
         <load_address>0xeb2</load_address>
         <run_address>0xeb2</run_address>
         <size>0x21</size>
         <input_file_ref idref="fl-12"/>
      </object_component>
      <object_component id="oc-1e2">
         <name>.debug_line</name>
         <load_address>0xed3</load_address>
         <run_address>0xed3</run_address>
         <size>0x8c</size>
         <input_file_ref idref="fl-13"/>
      </object_component>
      <object_component id="oc-1a0">
         <name>.debug_line</name>
         <load_address>0xf5f</load_address>
         <run_address>0xf5f</run_address>
         <size>0x88</size>
         <input_file_ref idref="fl-13"/>
      </object_component>
      <object_component id="oc-23b">
         <name>.debug_line</name>
         <load_address>0xfe7</load_address>
         <run_address>0xfe7</run_address>
         <size>0x8a</size>
         <input_file_ref idref="fl-13"/>
      </object_component>
      <object_component id="oc-244">
         <name>.debug_line</name>
         <load_address>0x1071</load_address>
         <run_address>0x1071</run_address>
         <size>0x85</size>
         <input_file_ref idref="fl-13"/>
      </object_component>
      <object_component id="oc-22a">
         <name>.debug_line</name>
         <load_address>0x10f6</load_address>
         <run_address>0x10f6</run_address>
         <size>0x88</size>
         <input_file_ref idref="fl-13"/>
      </object_component>
      <object_component id="oc-1f5">
         <name>.debug_line</name>
         <load_address>0x117e</load_address>
         <run_address>0x117e</run_address>
         <size>0x88</size>
         <input_file_ref idref="fl-13"/>
      </object_component>
      <object_component id="oc-21f">
         <name>.debug_line</name>
         <load_address>0x1206</load_address>
         <run_address>0x1206</run_address>
         <size>0x88</size>
         <input_file_ref idref="fl-13"/>
      </object_component>
      <object_component id="oc-225">
         <name>.debug_line</name>
         <load_address>0x128e</load_address>
         <run_address>0x128e</run_address>
         <size>0x88</size>
         <input_file_ref idref="fl-13"/>
      </object_component>
      <object_component id="oc-1fa">
         <name>.debug_line</name>
         <load_address>0x1316</load_address>
         <run_address>0x1316</run_address>
         <size>0x88</size>
         <input_file_ref idref="fl-13"/>
      </object_component>
      <object_component id="oc-200">
         <name>.debug_line</name>
         <load_address>0x139e</load_address>
         <run_address>0x139e</run_address>
         <size>0x88</size>
         <input_file_ref idref="fl-13"/>
      </object_component>
      <object_component id="oc-218">
         <name>.debug_line</name>
         <load_address>0x1426</load_address>
         <run_address>0x1426</run_address>
         <size>0x8e</size>
         <input_file_ref idref="fl-13"/>
      </object_component>
      <object_component id="oc-1e8">
         <name>.debug_line</name>
         <load_address>0x14b4</load_address>
         <run_address>0x14b4</run_address>
         <size>0x88</size>
         <input_file_ref idref="fl-13"/>
      </object_component>
      <object_component id="oc-1ee">
         <name>.debug_line</name>
         <load_address>0x153c</load_address>
         <run_address>0x153c</run_address>
         <size>0x88</size>
         <input_file_ref idref="fl-13"/>
      </object_component>
      <object_component id="oc-20d">
         <name>.debug_line</name>
         <load_address>0x15c4</load_address>
         <run_address>0x15c4</run_address>
         <size>0x88</size>
         <input_file_ref idref="fl-13"/>
      </object_component>
      <object_component id="oc-206">
         <name>.debug_line</name>
         <load_address>0x164c</load_address>
         <run_address>0x164c</run_address>
         <size>0x88</size>
         <input_file_ref idref="fl-13"/>
      </object_component>
      <object_component id="oc-212">
         <name>.debug_line</name>
         <load_address>0x16d4</load_address>
         <run_address>0x16d4</run_address>
         <size>0x92</size>
         <input_file_ref idref="fl-13"/>
      </object_component>
      <object_component id="oc-236">
         <name>.debug_line</name>
         <load_address>0x1766</load_address>
         <run_address>0x1766</run_address>
         <size>0x9b</size>
         <input_file_ref idref="fl-13"/>
      </object_component>
      <object_component id="oc-12d">
         <name>.debug_line</name>
         <load_address>0x1801</load_address>
         <run_address>0x1801</run_address>
         <size>0xa7</size>
         <input_file_ref idref="fl-13"/>
      </object_component>
      <object_component id="oc-122">
         <name>.debug_line</name>
         <load_address>0x18a8</load_address>
         <run_address>0x18a8</run_address>
         <size>0x10d</size>
         <input_file_ref idref="fl-13"/>
      </object_component>
      <object_component id="oc-1d6">
         <name>.debug_line</name>
         <load_address>0x19b5</load_address>
         <run_address>0x19b5</run_address>
         <size>0x9a</size>
         <input_file_ref idref="fl-13"/>
      </object_component>
      <object_component id="oc-1db">
         <name>.debug_line</name>
         <load_address>0x1a4f</load_address>
         <run_address>0x1a4f</run_address>
         <size>0x96</size>
         <input_file_ref idref="fl-13"/>
      </object_component>
      <object_component id="oc-1a7">
         <name>.debug_line</name>
         <load_address>0x1ae5</load_address>
         <run_address>0x1ae5</run_address>
         <size>0xa2</size>
         <input_file_ref idref="fl-13"/>
      </object_component>
      <object_component id="oc-13b">
         <name>.debug_line</name>
         <load_address>0x1b87</load_address>
         <run_address>0x1b87</run_address>
         <size>0x8f</size>
         <input_file_ref idref="fl-13"/>
      </object_component>
      <object_component id="oc-1ad">
         <name>.debug_line</name>
         <load_address>0x1c16</load_address>
         <run_address>0x1c16</run_address>
         <size>0xdb</size>
         <input_file_ref idref="fl-13"/>
      </object_component>
      <object_component id="oc-22e">
         <name>.debug_line</name>
         <load_address>0x1cf1</load_address>
         <run_address>0x1cf1</run_address>
         <size>0xc2</size>
         <input_file_ref idref="fl-13"/>
      </object_component>
      <object_component id="oc-57">
         <name>.debug_line</name>
         <load_address>0x1db3</load_address>
         <run_address>0x1db3</run_address>
         <size>0x4f</size>
         <input_file_ref idref="fl-1f"/>
      </object_component>
      <object_component id="oc-63">
         <name>.debug_line</name>
         <load_address>0x1e02</load_address>
         <run_address>0x1e02</run_address>
         <size>0x3f</size>
         <input_file_ref idref="fl-21"/>
      </object_component>
      <object_component id="oc-bb">
         <name>.debug_line</name>
         <load_address>0x1e41</load_address>
         <run_address>0x1e41</run_address>
         <size>0x21</size>
         <input_file_ref idref="fl-21"/>
      </object_component>
      <object_component id="oc-7f">
         <name>.debug_line</name>
         <load_address>0x1e62</load_address>
         <run_address>0x1e62</run_address>
         <size>0x74</size>
         <input_file_ref idref="fl-22"/>
      </object_component>
      <object_component id="oc-113">
         <name>.debug_line</name>
         <load_address>0x1ed6</load_address>
         <run_address>0x1ed6</run_address>
         <size>0x21</size>
         <input_file_ref idref="fl-22"/>
      </object_component>
      <object_component id="oc-1e">
         <name>.debug_line</name>
         <load_address>0x1ef7</load_address>
         <run_address>0x1ef7</run_address>
         <size>0x57</size>
         <input_file_ref idref="fl-24"/>
      </object_component>
      <object_component id="oc-48">
         <name>.debug_line</name>
         <load_address>0x1f4e</load_address>
         <run_address>0x1f4e</run_address>
         <size>0x21</size>
         <input_file_ref idref="fl-24"/>
      </object_component>
      <object_component id="oc-18">
         <name>.debug_line</name>
         <load_address>0x1f6f</load_address>
         <run_address>0x1f6f</run_address>
         <size>0x95</size>
         <input_file_ref idref="fl-25"/>
      </object_component>
      <object_component id="oc-43">
         <name>.debug_line</name>
         <load_address>0x2004</load_address>
         <run_address>0x2004</run_address>
         <size>0x21</size>
         <input_file_ref idref="fl-25"/>
      </object_component>
      <object_component id="oc-103">
         <name>.debug_line</name>
         <load_address>0x2025</load_address>
         <run_address>0x2025</run_address>
         <size>0x2b</size>
         <input_file_ref idref="fl-26"/>
      </object_component>
      <object_component id="oc-72">
         <name>.debug_line</name>
         <load_address>0x2050</load_address>
         <run_address>0x2050</run_address>
         <size>0x66</size>
         <input_file_ref idref="fl-26"/>
      </object_component>
      <object_component id="oc-10e">
         <name>.debug_line</name>
         <load_address>0x20b6</load_address>
         <run_address>0x20b6</run_address>
         <size>0x21</size>
         <input_file_ref idref="fl-26"/>
      </object_component>
      <object_component id="oc-10b">
         <name>.debug_line</name>
         <load_address>0x20d7</load_address>
         <run_address>0x20d7</run_address>
         <size>0x2c</size>
         <input_file_ref idref="fl-27"/>
      </object_component>
      <object_component id="oc-1cf">
         <name>.debug_line</name>
         <load_address>0x2103</load_address>
         <run_address>0x2103</run_address>
         <size>0x2c</size>
         <input_file_ref idref="fl-27"/>
      </object_component>
      <object_component id="oc-106">
         <name>.debug_line</name>
         <load_address>0x212f</load_address>
         <run_address>0x212f</run_address>
         <size>0x5f</size>
         <input_file_ref idref="fl-27"/>
      </object_component>
      <object_component id="oc-192">
         <name>.debug_line</name>
         <load_address>0x218e</load_address>
         <run_address>0x218e</run_address>
         <size>0x21</size>
         <input_file_ref idref="fl-27"/>
      </object_component>
      <object_component id="oc-6d">
         <name>.debug_line</name>
         <load_address>0x21af</load_address>
         <run_address>0x21af</run_address>
         <size>0x4e</size>
         <input_file_ref idref="fl-28"/>
      </object_component>
      <object_component id="oc-100">
         <name>.debug_line</name>
         <load_address>0x21fd</load_address>
         <run_address>0x21fd</run_address>
         <size>0x30</size>
         <input_file_ref idref="fl-28"/>
      </object_component>
      <object_component id="oc-29">
         <name>.debug_line</name>
         <load_address>0x222d</load_address>
         <run_address>0x222d</run_address>
         <size>0x63</size>
         <input_file_ref idref="fl-2b"/>
      </object_component>
      <object_component id="oc-5a">
         <name>.debug_line</name>
         <load_address>0x2290</load_address>
         <run_address>0x2290</run_address>
         <size>0x21</size>
         <input_file_ref idref="fl-2b"/>
      </object_component>
      <object_component id="oc-be">
         <name>.debug_line</name>
         <load_address>0x22b1</load_address>
         <run_address>0x22b1</run_address>
         <size>0x3b</size>
         <input_file_ref idref="fl-2c"/>
      </object_component>
      <object_component id="oc-195">
         <name>.debug_line</name>
         <load_address>0x22ec</load_address>
         <run_address>0x22ec</run_address>
         <size>0x21</size>
         <input_file_ref idref="fl-2c"/>
      </object_component>
      <object_component id="oc-184">
         <name>.debug_frame</name>
         <load_address>0x0</load_address>
         <run_address>0x0</run_address>
         <size>0x44</size>
         <input_file_ref idref="fl-4"/>
      </object_component>
      <object_component id="oc-f9">
         <name>.debug_frame</name>
         <load_address>0x44</load_address>
         <run_address>0x44</run_address>
         <size>0x44</size>
         <input_file_ref idref="fl-4"/>
      </object_component>
      <object_component id="oc-ac">
         <name>.debug_frame</name>
         <load_address>0x88</load_address>
         <run_address>0x88</run_address>
         <size>0x40</size>
         <input_file_ref idref="fl-4"/>
      </object_component>
      <object_component id="oc-141">
         <name>.debug_frame</name>
         <load_address>0xc8</load_address>
         <run_address>0xc8</run_address>
         <size>0x40</size>
         <input_file_ref idref="fl-5"/>
      </object_component>
      <object_component id="oc-1ba">
         <name>.debug_frame</name>
         <load_address>0x108</load_address>
         <run_address>0x108</run_address>
         <size>0x44</size>
         <input_file_ref idref="fl-5"/>
      </object_component>
      <object_component id="oc-128">
         <name>.debug_frame</name>
         <load_address>0x14c</load_address>
         <run_address>0x14c</run_address>
         <size>0x44</size>
         <input_file_ref idref="fl-5"/>
      </object_component>
      <object_component id="oc-11c">
         <name>.debug_frame</name>
         <load_address>0x190</load_address>
         <run_address>0x190</run_address>
         <size>0x40</size>
         <input_file_ref idref="fl-5"/>
      </object_component>
      <object_component id="oc-14d">
         <name>.debug_frame</name>
         <load_address>0x1d0</load_address>
         <run_address>0x1d0</run_address>
         <size>0x40</size>
         <input_file_ref idref="fl-5"/>
      </object_component>
      <object_component id="oc-15b">
         <name>.debug_frame</name>
         <load_address>0x210</load_address>
         <run_address>0x210</run_address>
         <size>0x44</size>
         <input_file_ref idref="fl-5"/>
      </object_component>
      <object_component id="oc-d7">
         <name>.debug_frame</name>
         <load_address>0x254</load_address>
         <run_address>0x254</run_address>
         <size>0x44</size>
         <input_file_ref idref="fl-5"/>
      </object_component>
      <object_component id="oc-147">
         <name>.debug_frame</name>
         <load_address>0x298</load_address>
         <run_address>0x298</run_address>
         <size>0x44</size>
         <input_file_ref idref="fl-5"/>
      </object_component>
      <object_component id="oc-dd">
         <name>.debug_frame</name>
         <load_address>0x2dc</load_address>
         <run_address>0x2dc</run_address>
         <size>0x40</size>
         <input_file_ref idref="fl-5"/>
      </object_component>
      <object_component id="oc-135">
         <name>.debug_frame</name>
         <load_address>0x31c</load_address>
         <run_address>0x31c</run_address>
         <size>0x44</size>
         <input_file_ref idref="fl-5"/>
      </object_component>
      <object_component id="oc-15f">
         <name>.debug_frame</name>
         <load_address>0x360</load_address>
         <run_address>0x360</run_address>
         <size>0x44</size>
         <input_file_ref idref="fl-11"/>
      </object_component>
      <object_component id="oc-e6">
         <name>.debug_frame</name>
         <load_address>0x3a4</load_address>
         <run_address>0x3a4</run_address>
         <size>0x44</size>
         <input_file_ref idref="fl-11"/>
      </object_component>
      <object_component id="oc-e3">
         <name>.debug_frame</name>
         <load_address>0x3e8</load_address>
         <run_address>0x3e8</run_address>
         <size>0x44</size>
         <input_file_ref idref="fl-11"/>
      </object_component>
      <object_component id="oc-150">
         <name>.debug_frame</name>
         <load_address>0x42c</load_address>
         <run_address>0x42c</run_address>
         <size>0x44</size>
         <input_file_ref idref="fl-11"/>
      </object_component>
      <object_component id="oc-169">
         <name>.debug_frame</name>
         <load_address>0x470</load_address>
         <run_address>0x470</run_address>
         <size>0x40</size>
         <input_file_ref idref="fl-12"/>
      </object_component>
      <object_component id="oc-174">
         <name>.debug_frame</name>
         <load_address>0x4b0</load_address>
         <run_address>0x4b0</run_address>
         <size>0x40</size>
         <input_file_ref idref="fl-12"/>
      </object_component>
      <object_component id="oc-17f">
         <name>.debug_frame</name>
         <load_address>0x4f0</load_address>
         <run_address>0x4f0</run_address>
         <size>0x40</size>
         <input_file_ref idref="fl-12"/>
      </object_component>
      <object_component id="oc-176">
         <name>.debug_frame</name>
         <load_address>0x530</load_address>
         <run_address>0x530</run_address>
         <size>0x40</size>
         <input_file_ref idref="fl-12"/>
      </object_component>
      <object_component id="oc-ee">
         <name>.debug_frame</name>
         <load_address>0x570</load_address>
         <run_address>0x570</run_address>
         <size>0x40</size>
         <input_file_ref idref="fl-12"/>
      </object_component>
      <object_component id="oc-f1">
         <name>.debug_frame</name>
         <load_address>0x5b0</load_address>
         <run_address>0x5b0</run_address>
         <size>0x44</size>
         <input_file_ref idref="fl-12"/>
      </object_component>
      <object_component id="oc-1e3">
         <name>.debug_frame</name>
         <load_address>0x5f4</load_address>
         <run_address>0x5f4</run_address>
         <size>0x44</size>
         <input_file_ref idref="fl-13"/>
      </object_component>
      <object_component id="oc-1a1">
         <name>.debug_frame</name>
         <load_address>0x638</load_address>
         <run_address>0x638</run_address>
         <size>0x40</size>
         <input_file_ref idref="fl-13"/>
      </object_component>
      <object_component id="oc-23c">
         <name>.debug_frame</name>
         <load_address>0x678</load_address>
         <run_address>0x678</run_address>
         <size>0x40</size>
         <input_file_ref idref="fl-13"/>
      </object_component>
      <object_component id="oc-245">
         <name>.debug_frame</name>
         <load_address>0x6b8</load_address>
         <run_address>0x6b8</run_address>
         <size>0x44</size>
         <input_file_ref idref="fl-13"/>
      </object_component>
      <object_component id="oc-22b">
         <name>.debug_frame</name>
         <load_address>0x6fc</load_address>
         <run_address>0x6fc</run_address>
         <size>0x44</size>
         <input_file_ref idref="fl-13"/>
      </object_component>
      <object_component id="oc-1f4">
         <name>.debug_frame</name>
         <load_address>0x740</load_address>
         <run_address>0x740</run_address>
         <size>0x44</size>
         <input_file_ref idref="fl-13"/>
      </object_component>
      <object_component id="oc-21e">
         <name>.debug_frame</name>
         <load_address>0x784</load_address>
         <run_address>0x784</run_address>
         <size>0x44</size>
         <input_file_ref idref="fl-13"/>
      </object_component>
      <object_component id="oc-224">
         <name>.debug_frame</name>
         <load_address>0x7c8</load_address>
         <run_address>0x7c8</run_address>
         <size>0x44</size>
         <input_file_ref idref="fl-13"/>
      </object_component>
      <object_component id="oc-1fb">
         <name>.debug_frame</name>
         <load_address>0x80c</load_address>
         <run_address>0x80c</run_address>
         <size>0x44</size>
         <input_file_ref idref="fl-13"/>
      </object_component>
      <object_component id="oc-201">
         <name>.debug_frame</name>
         <load_address>0x850</load_address>
         <run_address>0x850</run_address>
         <size>0x44</size>
         <input_file_ref idref="fl-13"/>
      </object_component>
      <object_component id="oc-219">
         <name>.debug_frame</name>
         <load_address>0x894</load_address>
         <run_address>0x894</run_address>
         <size>0x44</size>
         <input_file_ref idref="fl-13"/>
      </object_component>
      <object_component id="oc-1e9">
         <name>.debug_frame</name>
         <load_address>0x8d8</load_address>
         <run_address>0x8d8</run_address>
         <size>0x44</size>
         <input_file_ref idref="fl-13"/>
      </object_component>
      <object_component id="oc-1ef">
         <name>.debug_frame</name>
         <load_address>0x91c</load_address>
         <run_address>0x91c</run_address>
         <size>0x44</size>
         <input_file_ref idref="fl-13"/>
      </object_component>
      <object_component id="oc-20c">
         <name>.debug_frame</name>
         <load_address>0x960</load_address>
         <run_address>0x960</run_address>
         <size>0x44</size>
         <input_file_ref idref="fl-13"/>
      </object_component>
      <object_component id="oc-207">
         <name>.debug_frame</name>
         <load_address>0x9a4</load_address>
         <run_address>0x9a4</run_address>
         <size>0x44</size>
         <input_file_ref idref="fl-13"/>
      </object_component>
      <object_component id="oc-213">
         <name>.debug_frame</name>
         <load_address>0x9e8</load_address>
         <run_address>0x9e8</run_address>
         <size>0x44</size>
         <input_file_ref idref="fl-13"/>
      </object_component>
      <object_component id="oc-235">
         <name>.debug_frame</name>
         <load_address>0xa2c</load_address>
         <run_address>0xa2c</run_address>
         <size>0x44</size>
         <input_file_ref idref="fl-13"/>
      </object_component>
      <object_component id="oc-12e">
         <name>.debug_frame</name>
         <load_address>0xa70</load_address>
         <run_address>0xa70</run_address>
         <size>0x44</size>
         <input_file_ref idref="fl-13"/>
      </object_component>
      <object_component id="oc-121">
         <name>.debug_frame</name>
         <load_address>0xab4</load_address>
         <run_address>0xab4</run_address>
         <size>0x44</size>
         <input_file_ref idref="fl-13"/>
      </object_component>
      <object_component id="oc-1d5">
         <name>.debug_frame</name>
         <load_address>0xaf8</load_address>
         <run_address>0xaf8</run_address>
         <size>0x40</size>
         <input_file_ref idref="fl-13"/>
      </object_component>
      <object_component id="oc-1dc">
         <name>.debug_frame</name>
         <load_address>0xb38</load_address>
         <run_address>0xb38</run_address>
         <size>0x40</size>
         <input_file_ref idref="fl-13"/>
      </object_component>
      <object_component id="oc-1a6">
         <name>.debug_frame</name>
         <load_address>0xb78</load_address>
         <run_address>0xb78</run_address>
         <size>0x44</size>
         <input_file_ref idref="fl-13"/>
      </object_component>
      <object_component id="oc-13a">
         <name>.debug_frame</name>
         <load_address>0xbbc</load_address>
         <run_address>0xbbc</run_address>
         <size>0x44</size>
         <input_file_ref idref="fl-13"/>
      </object_component>
      <object_component id="oc-1ac">
         <name>.debug_frame</name>
         <load_address>0xc00</load_address>
         <run_address>0xc00</run_address>
         <size>0x44</size>
         <input_file_ref idref="fl-13"/>
      </object_component>
      <object_component id="oc-62">
         <name>.debug_frame</name>
         <load_address>0xc44</load_address>
         <run_address>0xc44</run_address>
         <size>0x40</size>
         <input_file_ref idref="fl-21"/>
      </object_component>
      <object_component id="oc-7e">
         <name>.debug_frame</name>
         <load_address>0xc84</load_address>
         <run_address>0xc84</run_address>
         <size>0x58</size>
         <input_file_ref idref="fl-22"/>
      </object_component>
      <object_component id="oc-1d">
         <name>.debug_frame</name>
         <load_address>0xcdc</load_address>
         <run_address>0xcdc</run_address>
         <size>0x40</size>
         <input_file_ref idref="fl-24"/>
      </object_component>
      <object_component id="oc-17">
         <name>.debug_frame</name>
         <load_address>0xd1c</load_address>
         <run_address>0xd1c</run_address>
         <size>0x48</size>
         <input_file_ref idref="fl-25"/>
      </object_component>
      <object_component id="oc-73">
         <name>.debug_frame</name>
         <load_address>0xd64</load_address>
         <run_address>0xd64</run_address>
         <size>0x60</size>
         <input_file_ref idref="fl-26"/>
      </object_component>
      <object_component id="oc-107">
         <name>.debug_frame</name>
         <load_address>0xdc4</load_address>
         <run_address>0xdc4</run_address>
         <size>0x70</size>
         <input_file_ref idref="fl-27"/>
      </object_component>
      <object_component id="oc-6a">
         <name>.debug_frame</name>
         <load_address>0xe34</load_address>
         <run_address>0xe34</run_address>
         <size>0x40</size>
         <input_file_ref idref="fl-28"/>
      </object_component>
      <object_component id="oc-2a">
         <name>.debug_frame</name>
         <load_address>0xe74</load_address>
         <run_address>0xe74</run_address>
         <size>0x40</size>
         <input_file_ref idref="fl-2b"/>
      </object_component>
      <object_component id="oc-bf">
         <name>.debug_frame</name>
         <load_address>0xeb4</load_address>
         <run_address>0xeb4</run_address>
         <size>0x40</size>
         <input_file_ref idref="fl-2c"/>
      </object_component>
      <object_component id="oc-1cd">
         <name>.debug_abbrev</name>
         <load_address>0x0</load_address>
         <run_address>0x0</run_address>
         <size>0x5c</size>
         <input_file_ref idref="fl-4"/>
      </object_component>
      <object_component id="oc-189">
         <name>.debug_abbrev</name>
         <load_address>0x5c</load_address>
         <run_address>0x5c</run_address>
         <size>0x68</size>
         <input_file_ref idref="fl-4"/>
      </object_component>
      <object_component id="oc-fd">
         <name>.debug_abbrev</name>
         <load_address>0xc4</load_address>
         <run_address>0xc4</run_address>
         <size>0x48</size>
         <input_file_ref idref="fl-4"/>
      </object_component>
      <object_component id="oc-18a">
         <name>.debug_abbrev</name>
         <load_address>0x10c</load_address>
         <run_address>0x10c</run_address>
         <size>0x69</size>
         <input_file_ref idref="fl-4"/>
      </object_component>
      <object_component id="oc-1b4">
         <name>.debug_abbrev</name>
         <load_address>0x175</load_address>
         <run_address>0x175</run_address>
         <size>0x53</size>
         <input_file_ref idref="fl-5"/>
      </object_component>
      <object_component id="oc-230">
         <name>.debug_abbrev</name>
         <load_address>0x1c8</load_address>
         <run_address>0x1c8</run_address>
         <size>0x5a</size>
         <input_file_ref idref="fl-5"/>
      </object_component>
      <object_component id="oc-1b0">
         <name>.debug_abbrev</name>
         <load_address>0x222</load_address>
         <run_address>0x222</run_address>
         <size>0x5a</size>
         <input_file_ref idref="fl-5"/>
      </object_component>
      <object_component id="oc-19a">
         <name>.debug_abbrev</name>
         <load_address>0x27c</load_address>
         <run_address>0x27c</run_address>
         <size>0x44</size>
         <input_file_ref idref="fl-5"/>
      </object_component>
      <object_component id="oc-1bc">
         <name>.debug_abbrev</name>
         <load_address>0x2c0</load_address>
         <run_address>0x2c0</run_address>
         <size>0x52</size>
         <input_file_ref idref="fl-5"/>
      </object_component>
      <object_component id="oc-1c1">
         <name>.debug_abbrev</name>
         <load_address>0x312</load_address>
         <run_address>0x312</run_address>
         <size>0x5a</size>
         <input_file_ref idref="fl-5"/>
      </object_component>
      <object_component id="oc-154">
         <name>.debug_abbrev</name>
[...]
         <attributes>RWIX</attributes>
         <usage_details>
         </usage_details>
      </memory_area>
      <memory_area display="yes" color="green">
         <name>FLASH_BANK0_SEC13</name>
         <page_id>0x0</page_id>
         <origin>0x8d000</origin>
         <length>0x1000</length>
         <used_space>0x0</used_space>
         <unused_space>0x1000</unused_space>
         <attributes>RWIX</attributes>
         <usage_details>
         </usage_details>
      </memory_area>
      <memory_area display="yes" color="green">
         <name>FLASH_BANK0_SEC14</name>
         <page_id>0x0</page_id>
         <origin>0x8e000</origin>
         <length>0x1000</length>
         <used_space>0x0</used_space>
         <unused_space>0x1000</unused_space>
         <attributes>RWIX</attributes>
         <usage_details>
         </usage_details>
      </memory_area>
      <memory_area display="yes" color="green">
         <name>FLASH_BANK0_SEC15</name>
         <page_id>0x0</page_id>
         <origin>0x8f000</origin>
         <length>0x1000</length>
         <used_space>0x0</used_space>
         <unused_space>0x1000</unused_space>
         <attributes>RWIX</attributes>
         <usage_details>
         </usage_details>
      </memory_area>
      <memory_area display="yes" color="green">
         <name>FLASH_BANK1_SEC0</name>
         <page_id>0x0</page_id>
         <origin>0x90000</origin>
         <length>0x1000</length>
         <used_space>0x0</used_space>
         <unused_space>0x1000</unused_space>
         <attributes>RWIX</attributes>
         <usage_details>
         </usage_details>
      </memory_area>
      <memory_area display="yes" color="green">
         <name>FLASH_BANK1_SEC1</name>
         <page_id>0x0</page_id>
         <origin>0x91000</origin>
         <length>0x1000</length>
         <used_space>0x0</used_space>
         <unused_space>0x1000</unused_space>
         <attributes>RWIX</attributes>
         <usage_details>
         </usage_details>
      </memory_area>
      <memory_area display="yes" color="green">
         <name>FLASH_BANK1_SEC2</name>
         <page_id>0x0</page_id>
         <origin>0x92000</origin>
         <length>0x1000</length>
         <used_space>0x0</used_space>
         <unused_space>0x1000</unused_space>
         <attributes>RWIX</attributes>
         <usage_details>
         </usage_details>
      </memory_area>
      <memory_area display="yes" color="green">
         <name>FLASH_BANK1_SEC3</name>
         <page_id>0x0</page_id>
         <origin>0x93000</origin>
         <length>0x1000</length>
         <used_space>0x0</used_space>
         <unused_space>0x1000</unused_space>
         <attributes>RWIX</attributes>
         <usage_details>
         </usage_details>
      </memory_area>
      <memory_area display="yes" color="green">
         <name>FLASH_BANK1_SEC4</name>
         <page_id>0x0</page_id>
         <origin>0x94000</origin>
         <length>0x1000</length>
         <used_space>0x0</used_space>
         <unused_space>0x1000</unused_space>
         <attributes>RWIX</attributes>
         <usage_details>
         </usage_details>
      </memory_area>
      <memory_area display="yes" color="green">
         <name>FLASH_BANK1_SEC5</name>
         <page_id>0x0</page_id>
         <origin>0x95000</origin>
         <length>0x1000</length>
         <used_space>0x0</used_space>
         <unused_space>0x1000</unused_space>
         <attributes>RWIX</attributes>
         <usage_details>
         </usage_details>
      </memory_area>
      <memory_area display="yes" color="green">
         <name>FLASH_BANK1_SEC6</name>
         <page_id>0x0</page_id>
         <origin>0x96000</origin>
         <length>0x1000</length>
         <used_space>0x0</used_space>
         <unused_space>0x1000</unused_space>
         <attributes>RWIX</attributes>
         <usage_details>
         </usage_details>
      </memory_area>
      <memory_area display="yes" color="green">
         <name>FLASH_BANK1_SEC7</name>
         <page_id>0x0</page_id>
         <origin>0x97000</origin>
         <length>0x1000</length>
         <used_space>0x0</used_space>
         <unused_space>0x1000</unused_space>
         <attributes>RWIX</attributes>
         <usage_details>
         </usage_details>
      </memory_area>
      <memory_area display="yes" color="green">
         <name>FLASH_BANK1_SEC8</name>
         <page_id>0x0</page_id>
         <origin>0x98000</origin>
         <length>0x1000</length>
         <used_space>0x0</used_space>
         <unused_space>0x1000</unused_space>
         <attributes>RWIX</attributes>
         <usage_details>
         </usage_details>
      </memory_area>
      <memory_area display="yes" color="green">
         <name>FLASH_BANK1_SEC9</name>
         <page_id>0x0</page_id>
         <origin>0x99000</origin>
         <length>0x1000</length>
         <used_space>0x0</used_space>
         <unused_space>0x1000</unused_space>
         <attributes>RWIX</attributes>
         <usage_details>
         </usage_details>
      </memory_area>
      <memory_area display="yes" color="green">
         <name>FLASH_BANK1_SEC10</name>
         <page_id>0x0</page_id>
         <origin>0x9a000</origin>
         <length>0x1000</length>
         <used_space>0x0</used_space>
         <unused_space>0x1000</unused_space>
         <attributes>RWIX</attributes>
         <usage_details>
         </usage_details>
      </memory_area>
      <memory_area display="yes" color="green">
         <name>FLASH_BANK1_SEC11</name>
         <page_id>0x0</page_id>
         <origin>0x9b000</origin>
         <length>0x1000</length>
         <used_space>0x0</used_space>
         <unused_space>0x1000</unused_space>
         <attributes>RWIX</attributes>
         <usage_details>
         </usage_details>
      </memory_area>
      <memory_area display="yes" color="green">
         <name>FLASH_BANK1_SEC12</name>
         <page_id>0x0</page_id>
         <origin>0x9c000</origin>
         <length>0x1000</length>
         <used_space>0x0</used_space>
         <unused_space>0x1000</unused_space>
         <attributes>RWIX</attributes>
         <usage_details>
         </usage_details>
      </memory_area>
      <memory_area display="yes" color="green">
         <name>FLASH_BANK1_SEC13</name>
         <page_id>0x0</page_id>
         <origin>0x9d000</origin>
         <length>0x1000</length>
         <used_space>0x0</used_space>
         <unused_space>0x1000</unused_space>
         <attributes>RWIX</attributes>
         <usage_details>
         </usage_details>
      </memory_area>
      <memory_area display="yes" color="green">
         <name>FLASH_BANK1_SEC14</name>
         <page_id>0x0</page_id>
         <origin>0x9e000</origin>
         <length>0x1000</length>
         <used_space>0x0</used_space>
         <unused_space>0x1000</unused_space>
         <attributes>RWIX</attributes>
         <usage_details>
         </usage_details>
      </memory_area>
      <memory_area display="yes" color="green">
         <name>FLASH_BANK1_SEC15</name>
         <page_id>0x0</page_id>
         <origin>0x9f000</origin>
         <length>0x1000</length>
         <used_space>0x0</used_space>
         <unused_space>0x1000</unused_space>
         <attributes>RWIX</attributes>
         <usage_details>
         </usage_details>
      </memory_area>
      <memory_area display="no" color="green">
         <name>RESET</name>
         <page_id>0x0</page_id>
         <origin>0x3fffc0</origin>
         <length>0x2</length>
         <used_space>0x0</used_space>
         <unused_space>0x2</unused_space>
         <attributes>RWIX</attributes>
         <usage_details>
         </usage_details>
      </memory_area>
      <memory_area display="yes" color="green">
         <name>BOOT_RSVD</name>
         <page_id>0x1</page_id>
         <origin>0x2</origin>
         <length>0xf1</length>
         <used_space>0x0</used_space>
         <unused_space>0xf1</unused_space>
         <attributes>RWIX</attributes>
         <usage_details>
         </usage_details>
      </memory_area>
      <memory_area display="yes" color="green">
         <name>RAMM1</name>
         <page_id>0x1</page_id>
         <origin>0x400</origin>
         <length>0x3f8</length>
         <used_space>0x3f8</used_space>
         <unused_space>0x0</unused_space>
         <attributes>RWIX</attributes>
         <usage_details>
            <allocated_space>
               <start_address>0x400</start_address>
               <size>0x3f8</size>
               <logical_group_ref idref="lg-8"/>
            </allocated_space>
         </usage_details>
      </memory_area>
      <memory_area display="yes" color="green">
         <name>RAMLS5</name>
         <page_id>0x1</page_id>
         <origin>0xa800</origin>
         <length>0x800</length>
         <used_space>0x1e2</used_space>
         <unused_space>0x61e</unused_space>
         <attributes>RWIX</attributes>
         <usage_details>
            <allocated_space>
               <start_address>0xa800</start_address>
               <size>0x1d8</size>
               <logical_group_ref idref="lg-c"/>
            </allocated_space>
            <allocated_space>
               <start_address>0xa9d8</start_address>
               <size>0xa</size>
               <logical_group_ref idref="lg-d"/>
            </allocated_space>
            <available_space>
               <start_address>0xa9e2</start_address>
               <size>0x61e</size>
            </available_space>
         </usage_details>
      </memory_area>
      <memory_area display="yes" color="green">
         <name>RAMLS6</name>
         <page_id>0x1</page_id>
         <origin>0xb000</origin>
         <length>0x800</length>
         <used_space>0x0</used_space>
         <unused_space>0x800</unused_space>
         <attributes>RWIX</attributes>
         <usage_details>
         </usage_details>
      </memory_area>
      <memory_area display="yes" color="green">
         <name>RAMLS7</name>
         <page_id>0x1</page_id>
         <origin>0xb800</origin>
         <length>0x800</length>
         <used_space>0x0</used_space>
         <unused_space>0x800</unused_space>
         <attributes>RWIX</attributes>
         <usage_details>
         </usage_details>
      </memory_area>
      <memory_area display="yes" color="green">
         <name>RAMGS0</name>
         <page_id>0x1</page_id>
         <origin>0xc000</origin>
         <length>0x2000</length>
         <used_space>0x0</used_space>
         <unused_space>0x2000</unused_space>
         <attributes>RWIX</attributes>
         <usage_details>
         </usage_details>
      </memory_area>
      <memory_area display="yes" color="green">
         <name>RAMGS1</name>
         <page_id>0x1</page_id>
         <origin>0xe000</origin>
         <length>0x2000</length>
         <used_space>0x0</used_space>
         <unused_space>0x2000</unused_space>
         <attributes>RWIX</attributes>
         <usage_details>
         </usage_details>
      </memory_area>
      <memory_area display="yes" color="green">
         <name>RAMGS2</name>
         <page_id>0x1</page_id>
         <origin>0x10000</origin>
         <length>0x2000</length>
         <used_space>0x0</used_space>
         <unused_space>0x2000</unused_space>
         <attributes>RWIX</attributes>
         <usage_details>
         </usage_details>
      </memory_area>
      <memory_area display="yes" color="green">
         <name>RAMGS3</name>
         <page_id>0x1</page_id>
         <origin>0x12000</origin>
         <length>0x1ff8</length>
         <used_space>0x0</used_space>
         <unused_space>0x1ff8</unused_space>
         <attributes>RWIX</attributes>
         <usage_details>
         </usage_details>
      </memory_area>
   </placement_map>
   <cptbl_list>
      <cptbl>
         <name>__TI_cinit_table</name>
         <cprec>
            <name>.data</name>
            <load_address>0xfa</load_address>
            <load_size>0x8</load_size>
            <run_address>0xa9d8</run_address>
            <run_size>0xa</run_size>
            <compression>lzss</compression>
         </cprec>
      </cptbl>
   </cptbl_list>
   <handler_table>
      <handler_table_name>__TI_handler_table</handler_table_name>
      <handler>
         <index>0x0</index>
         <name>__TI_decompress_lzss</name>
      </handler>
      <handler>
         <index>0x1</index>
         <name>__TI_decompress_none</name>
      </handler>
   </handler_table>
   <symbol_table>
      <symbol id="sm-1">
         <name>__TI_CINIT_Base</name>
         <value>0x106</value>
      </symbol>
      <symbol id="sm-2">
         <name>__TI_CINIT_Limit</name>
         <value>0x10a</value>
      </symbol>
      <symbol id="sm-3">
         <name>__TI_CINIT_Warm</name>
         <value>0x10a</value>
      </symbol>
      <symbol id="sm-4">
         <name>__TI_Handler_Table_Base</name>
         <value>0x102</value>
      </symbol>
      <symbol id="sm-5">
         <name>__TI_Handler_Table_Limit</name>
         <value>0x106</value>
      </symbol>
      <symbol id="sm-6">
         <name>__TI_STACK_SIZE</name>
         <value>0x3f8</value>
      </symbol>
      <symbol id="sm-7">
         <name>__TI_STACK_END</name>
         <value>0x7f8</value>
      </symbol>
      <symbol id="sm-8">
         <name>__TI_pprof_out_hndl</name>
         <value>0xffffffff</value>
      </symbol>
      <symbol id="sm-9">
         <name>__TI_prof_data_start</name>
         <value>0xffffffff</value>
      </symbol>
      <symbol id="sm-a">
         <name>__TI_prof_data_size</name>
         <value>0xffffffff</value>
      </symbol>
      <symbol id="sm-4c">
         <name>main</name>
         <value>0x8522</value>
         <object_component_ref idref="oc-aa"/>
      </symbol>
      <symbol id="sm-a3">
         <name>Device_enableAllPeripherals</name>
         <value>0x8000</value>
         <object_component_ref idref="oc-142"/>
      </symbol>
      <symbol id="sm-a4">
         <name>Device_initGPIO</name>
         <value>0x8800</value>
         <object_component_ref idref="oc-d8"/>
      </symbol>
      <symbol id="sm-a5">
         <name>Device_init</name>
         <value>0x8385</value>
         <object_component_ref idref="oc-d2"/>
      </symbol>
      <symbol id="sm-a6">
         <name>__error__</name>
         <value>0x8886</value>
         <object_component_ref idref="oc-130"/>
      </symbol>
      <symbol id="sm-b5">
         <name>code_start</name>
         <value>0x0</value>
         <object_component_ref idref="oc-20"/>
      </symbol>
      <symbol id="sm-ed">
         <name>GPIO_setPadConfig</name>
         <value>0x8333</value>
         <object_component_ref idref="oc-de"/>
      </symbol>
      <symbol id="sm-ee">
         <name>GPIO_setAnalogMode</name>
         <value>0x845c</value>
         <object_component_ref idref="oc-14e"/>
      </symbol>
      <symbol id="sm-ef">
         <name>GPIO_setDirectionMode</name>
         <value>0x8496</value>
         <object_component_ref idref="oc-e4"/>
      </symbol>
      <symbol id="sm-12c">
         <name>Interrupt_initModule</name>
         <value>0x841f</value>
         <object_component_ref idref="oc-ea"/>
      </symbol>
      <symbol id="sm-12d">
         <name>Interrupt_initVectorTable</name>
         <value>0x8625</value>
         <object_component_ref idref="oc-f0"/>
      </symbol>
      <symbol id="sm-23b">
         <name>SysCtl_isPLLValid</name>
         <value>0x81a5</value>
         <object_component_ref idref="oc-1a8"/>
      </symbol>
      <symbol id="sm-23c">
         <name>SysCtl_delay</name>
         <value>0xf6</value>
         <object_component_ref idref="oc-fc"/>
      </symbol>
      <symbol id="sm-23d">
         <name>SysCtl_selectXTALSingleEnded</name>
         <value>0x8696</value>
         <object_component_ref idref="oc-1d7"/>
      </symbol>
      <symbol id="sm-23e">
         <name>SysCtl_selectXTAL</name>
         <value>0x85c0</value>
         <object_component_ref idref="oc-1d1"/>
      </symbol>
      <symbol id="sm-23f">
         <name>SysCtl_selectOscSource</name>
         <value>0x83d6</value>
         <object_component_ref idref="oc-1a2"/>
      </symbol>
      <symbol id="sm-240">
         <name>SysCtl_getLowSpeedClock</name>
         <value>0x867c</value>
         <object_component_ref idref="oc-136"/>
      </symbol>
      <symbol id="sm-241">
         <name>SysCtl_setClock</name>
         <value>0x80e0</value>
         <object_component_ref idref="oc-11d"/>
      </symbol>
      <symbol id="sm-242">
         <name>SysCtl_getClock</name>
         <value>0x82d5</value>
         <object_component_ref idref="oc-129"/>
      </symbol>
      <symbol id="sm-24c">
         <name>_c_int00</name>
         <value>0x86de</value>
         <object_component_ref idref="oc-53"/>
      </symbol>
      <symbol id="sm-24d">
         <name>__stack</name>
         <value>0x400</value>
         <object_component_ref idref="oc-25"/>
      </symbol>
      <symbol id="sm-25b">
         <name>_system_pre_init</name>
         <value>0x888f</value>
         <object_component_ref idref="oc-61"/>
      </symbol>
      <symbol id="sm-26a">
         <name>__TI_auto_init_nobinit_nopinit</name>
         <value>0x84f7</value>
         <object_component_ref idref="oc-7a"/>
      </symbol>
      <symbol id="sm-278">
         <name>__TI_decompress_none</name>
         <value>0x886f</value>
         <object_component_ref idref="oc-19"/>
      </symbol>
      <symbol id="sm-28c">
         <name>__TI_decompress_lzss</name>
         <value>0x84c7</value>
         <object_component_ref idref="oc-13"/>
      </symbol>
      <symbol id="sm-2a2">
         <name>C$$EXIT</name>
         <value>0x854c</value>
         <object_component_ref idref="oc-6e"/>
      </symbol>
      <symbol id="sm-2a3">
         <name>abort</name>
         <value>0x854c</value>
         <object_component_ref idref="oc-6e"/>
      </symbol>
      <symbol id="sm-2a4">
         <name>exit</name>
         <value>0x854e</value>
         <object_component_ref idref="oc-6e"/>
      </symbol>
      <symbol id="sm-2a5">
         <name>__TI_dtors_ptr</name>
         <value>0xa9dc</value>
         <object_component_ref idref="oc-b2"/>
      </symbol>
      <symbol id="sm-2a6">
         <name>__TI_cleanup_ptr</name>
         <value>0xa9da</value>
         <object_component_ref idref="oc-b2"/>
      </symbol>
      <symbol id="sm-2a7">
         <name>__TI_enable_exit_profile_output</name>
         <value>0xa9d8</value>
         <object_component_ref idref="oc-b2"/>
      </symbol>
      <symbol id="sm-2be">
         <name>_nop</name>
         <value>0x8866</value>
         <object_component_ref idref="oc-104"/>
      </symbol>
      <symbol id="sm-2bf">
         <name>_lock</name>
         <value>0xa9de</value>
         <object_component_ref idref="oc-b5"/>
      </symbol>
      <symbol id="sm-2c0">
         <name>_unlock</name>
         <value>0xa9e0</value>
         <object_component_ref idref="oc-18d"/>
      </symbol>
      <symbol id="sm-2c1">
         <name>_register_lock</name>
         <value>0x8862</value>
         <object_component_ref idref="oc-104"/>
      </symbol>
      <symbol id="sm-2c2">
         <name>_register_unlock</name>
         <value>0x885e</value>
         <object_component_ref idref="oc-104"/>
      </symbol>
      <symbol id="sm-2d1">
         <name>_args_main</name>
         <value>0x8847</value>
         <object_component_ref idref="oc-68"/>
      </symbol>
      <symbol id="sm-2e5">
         <name>memcpy</name>
         <value>0x8643</value>
         <object_component_ref idref="oc-28"/>
      </symbol>
      <symbol id="sm-2f2">
         <name>_system_post_cinit</name>
         <value>0x8891</value>
         <object_component_ref idref="oc-bd"/>
      </symbol>
      <symbol id="sm-2f4">
         <name>__c_args__</name>
         <value>0x0</value>
      </symbol>
   </symbol_table>
   <title>Link successful</title>
</link_info>
